
> cycling-dashboard-app@0.0.0 build
> node ./node_modules/typescript/bin/tsc -b && node ./node_modules/vite/bin/vite.js build

[36mvite v5.4.21 [32mbuilding for production...[36m[39m
transforming...
[32mÔ£ô[39m 2667 modules transformed.
x Build failed in 2.83s
error during build:
src/components/AuthUI.tsx (2:9): "supabase" is not exported by "src/lib/supabase.js", imported by "src/components/AuthUI.tsx".
file: C:/Users/pc/.gemini/antigravity/workspaces/cycling-dashboard-app/src/components/AuthUI.tsx:2:9

1: import React, { useState, useEffect } from 'react';
2: import { supabase } from '../lib/supabase';
            ^
3: import { Session } from '@supabase/supabase-js';
4: import { Mail, Lock, AlertCircle, ArrowRight, UserPlus, Loader2 } from 'lucide-react';

    at getRollupError (file:///C:/Users/pc/.gemini/antigravity/workspaces/cycling-dashboard-app/node_modules/rollup/dist/es/shared/parseAst.js:402:41)
    at error (file:///C:/Users/pc/.gemini/antigravity/workspaces/cycling-dashboard-app/node_modules/rollup/dist/es/shared/parseAst.js:398:42)
    at Module.error (file:///C:/Users/pc/.gemini/antigravity/workspaces/cycling-dashboard-app/node_modules/rollup/dist/es/shared/node-entry.js:17040:16)
    at Module.traceVariable (file:///C:/Users/pc/.gemini/antigravity/workspaces/cycling-dashboard-app/node_modules/rollup/dist/es/shared/node-entry.js:17452:29)
    at ModuleScope.findVariable (file:///C:/Users/pc/.gemini/antigravity/workspaces/cycling-dashboard-app/node_modules/rollup/dist/es/shared/node-entry.js:15070:39)
    at FunctionScope.findVariable (file:///C:/Users/pc/.gemini/antigravity/workspaces/cycling-dashboard-app/node_modules/rollup/dist/es/shared/node-entry.js:5673:38)
    at FunctionBodyScope.findVariable (file:///C:/Users/pc/.gemini/antigravity/workspaces/cycling-dashboard-app/node_modules/rollup/dist/es/shared/node-entry.js:5673:38)
    at ReturnValueScope.findVariable (file:///C:/Users/pc/.gemini/antigravity/workspaces/cycling-dashboard-app/node_modules/rollup/dist/es/shared/node-entry.js:5673:38)
    at FunctionBodyScope.findVariable (file:///C:/Users/pc/.gemini/antigravity/workspaces/cycling-dashboard-app/node_modules/rollup/dist/es/shared/node-entry.js:5673:38)
    at MemberExpression.bind (file:///C:/Users/pc/.gemini/antigravity/workspaces/cycling-dashboard-app/node_modules/rollup/dist/es/shared/node-entry.js:7392:49)
